W0905 13:47:24.622000 4169 torch/distributed/run.py:774] 
W0905 13:47:24.622000 4169 torch/distributed/run.py:774] *****************************************
W0905 13:47:24.622000 4169 torch/distributed/run.py:774] Setting OMP_NUM_THREADS environment variable for each process to be 1 in default, to avoid your system being overloaded, please further tune the variable for optimal performance in your application as needed. 
W0905 13:47:24.622000 4169 torch/distributed/run.py:774] *****************************************
tp=1 pp=1 dp=2 chunks=1 sp=False recompute=True bf16=True device=cuda | 163,073,280 params this rank | batch 8/replica
step     0  loss 10.9897  34,170 tok/s
step    25  loss 7.6471  68,232 tok/s
step    50  loss 7.7511  69,035 tok/s
step    75  loss 7.5736  69,151 tok/s
step   100  loss 7.3087  69,317 tok/s
step   125  loss 7.1412  69,393 tok/s
step   150  loss 6.9824  69,442 tok/s
step   175  loss 6.8107  69,496 tok/s
step   200  loss 6.9085  69,547 tok/s
step   225  loss 6.7525  69,560 tok/s
step   250  loss 6.6646  69,585 tok/s
step   275  loss 6.8446  69,601 tok/s
step   300  loss 6.6419  69,621 tok/s
step   325  loss 6.7811  69,641 tok/s
step   350  loss 6.5528  69,656 tok/s
step   375  loss 6.4569  69,659 tok/s
step   400  loss 6.5379  69,675 tok/s
step   425  loss 6.5638  69,692 tok/s
step   450  loss 6.4479  69,698 tok/s
step   475  loss 6.5641  69,705 tok/s
step   500  loss 6.3229  69,714 tok/s
step   525  loss 6.3913  69,723 tok/s
step   550  loss 6.4135  69,734 tok/s
step   575  loss 6.4796  69,735 tok/s
step   599  loss 6.2429  69,741 tok/s
